// Jest Snapshot v1, https://goo.gl/fbAQLP

exports[`<LoginForm /> match snapshot 1`] = `ReactWrapper {}`;
